---
source: crates/reprise-api/tests/execute.rs
expression: "json!({\n    \"argv\": command.argv, \"cwd\": command.cwd, \"env\": command.env, \"stdin\":\n    command.stdin, \"timeout_ms\":\n    command.timeout.map(|timeout| timeout.as_millis()),\n    \"idempotency_key_is_none\": command.idempotency_key.is_none(),\n})"
---
{
  "argv": [
    "printf",
    "%s",
    "hello",
    "world"
  ],
  "cwd": "work",
  "env": {
    "LANG": "C",
    "MODE": "test"
  },
  "idempotency_key_is_none": true,
  "stdin": [
    105,
    110,
    112,
    117,
    116
  ],
  "timeout_ms": 5000
}
